1- --save flag 					√
2- space after texture path		x
3- messing element				√
4- weiard element 				√
5- file not fond 				√
5- map not exist 				√
6- sky & floor color			√
6- Resolution					√